
   PASS  Tests\Unit\ExampleTest
  Ô£ô that trueÔÇª  0.01s  

   FAIL  Tests\Feature\Auth\AuthenticationTest
  Ô¿» login screen can be rendered
  Ô¿» users can authenticate using the login screen
  Ô¿» users can not authenticate with invalid password
  Ô¿» users can logout

   FAIL  Tests\Feature\Auth\EmailVerificationTest
  Ô¿» email verification screen can be rendered
  Ô¿» email can be verified
  Ô¿» email is not verified with invalid hash

   FAIL  Tests\Feature\Auth\PasswordConfirmationTest
  Ô¿» confirm password screen can be rendered
  Ô¿» password can be confirmed
  Ô¿» password is not confirmed with invalid password

   FAIL  Tests\Feature\Auth\PasswordResetTest
  Ô¿» reset password link screen can be rendered
  Ô¿» reset password link can be requested
  Ô¿» reset password screen can be rendered
  Ô¿» password can be reset with valid token

   FAIL  Tests\Feature\Auth\PasswordUpdateTest
  Ô¿» password can be updated
  Ô¿» correct password must be provided to update password

   FAIL  Tests\Feature\Auth\RegistrationTest
  Ô¿» registration screen can be rendered
  Ô¿» new users can register

   FAIL  Tests\Feature\ExampleTest
  Ô¿» it returns a successful response

   FAIL  Tests\Feature\ProfileTest
  Ô¿» profile page is displayed
  Ô¿» profile information can be updated
  Ô¿» email verification status is unchanged when the email address is unchanged
  Ô¿» user can delete their account
  Ô¿» correct password must be provided to delete account
  ÔöÇÔöÇÔöÇÔöÇÔöÇÔöÇÔöÇÔöÇÔöÇÔöÇÔöÇÔöÇÔöÇÔöÇÔöÇÔöÇÔöÇÔöÇÔöÇ  
  ÔÇª   QueryException   
  could not find driver (Connection: sqlite, SQL: select exists (select 1 from "main".sqlite_master where name = 'migrations' and type = 'table') as "exists")

  at vendor\laravel\framework\src\Illuminate\Database\Connectors\Connector.php:66
     62Ôûò      */
     63Ôûò     protected function createPdoConnection($dsn, $username, #[\SensitiveParameter] $password, $options)
     64Ôûò     {
     65Ôûò         return version_compare(PHP_VERSION, '8.4.0', '<')
  Ô×£  66Ôûò             ? new PDO($dsn, $username, $password, $options)
     67Ôûò             : PDO::connect($dsn, $username, $password, $options); /** @phpstan-ignore staticMethod.notFound (PHP 8.4) */
     68Ôûò     }
     69Ôûò 
     70Ôûò     /**

  1   vendor\laravel\framework\src\Illuminate\Database\Connectors\Connector.php:66
  2   vendor\laravel\framework\src\Illuminate\Database\Connectors\Connector.php:44

  ÔöÇÔöÇÔöÇÔöÇÔöÇÔöÇÔöÇÔöÇÔöÇÔöÇÔöÇÔöÇÔöÇÔöÇÔöÇÔöÇÔöÇÔöÇÔöÇ  
  ÔÇª   QueryException   
  could not find driver (Connection: sqlite, SQL: select exists (select 1 from "main".sqlite_master where name = 'migrations' and type = 'table') as "exists")

  at vendor\laravel\framework\src\Illuminate\Database\Connectors\Connector.php:66
     62Ôûò      */
     63Ôûò     protected function createPdoConnection($dsn, $username, #[\SensitiveParameter] $password, $options)
     64Ôûò     {
     65Ôûò         return version_compare(PHP_VERSION, '8.4.0', '<')
  Ô×£  66Ôûò             ? new PDO($dsn, $username, $password, $options)
     67Ôûò             : PDO::connect($dsn, $username, $password, $options); /** @phpstan-ignore staticMethod.notFound (PHP 8.4) */
     68Ôûò     }
     69Ôûò 
     70Ôûò     /**

  1   vendor\laravel\framework\src\Illuminate\Database\Connectors\Connector.php:66
  2   vendor\laravel\framework\src\Illuminate\Database\Connectors\Connector.php:44

  ÔöÇÔöÇÔöÇÔöÇÔöÇÔöÇÔöÇÔöÇÔöÇÔöÇÔöÇÔöÇÔöÇÔöÇÔöÇÔöÇÔöÇÔöÇÔöÇ  
  ÔÇª   QueryException   
  could not find driver (Connection: sqlite, SQL: select exists (select 1 from "main".sqlite_master where name = 'migrations' and type = 'table') as "exists")

  at vendor\laravel\framework\src\Illuminate\Database\Connectors\Connector.php:66
     62Ôûò      */
     63Ôûò     protected function createPdoConnection($dsn, $username, #[\SensitiveParameter] $password, $options)
     64Ôûò     {
     65Ôûò         return version_compare(PHP_VERSION, '8.4.0', '<')
  Ô×£  66Ôûò             ? new PDO($dsn, $username, $password, $options)
     67Ôûò             : PDO::connect($dsn, $username, $password, $options); /** @phpstan-ignore staticMethod.notFound (PHP 8.4) */
     68Ôûò     }
     69Ôûò 
     70Ôûò     /**

  1   vendor\laravel\framework\src\Illuminate\Database\Connectors\Connector.php:66
  2   vendor\laravel\framework\src\Illuminate\Database\Connectors\Connector.php:44

  ÔöÇÔöÇÔöÇÔöÇÔöÇÔöÇÔöÇÔöÇÔöÇÔöÇÔöÇÔöÇÔöÇÔöÇÔöÇÔöÇÔöÇÔöÇÔöÇ  
  ÔÇª   QueryException   
  could not find driver (Connection: sqlite, SQL: select exists (select 1 from "main".sqlite_master where name = 'migrations' and type = 'table') as "exists")

  at vendor\laravel\framework\src\Illuminate\Database\Connectors\Connector.php:66
     62Ôûò      */
     63Ôûò     protected function createPdoConnection($dsn, $username, #[\SensitiveParameter] $password, $options)
     64Ôûò     {
     65Ôûò         return version_compare(PHP_VERSION, '8.4.0', '<')
  Ô×£  66Ôûò             ? new PDO($dsn, $username, $password, $options)
     67Ôûò             : PDO::connect($dsn, $username, $password, $options); /** @phpstan-ignore staticMethod.notFound (PHP 8.4) */
     68Ôûò     }
     69Ôûò 
     70Ôûò     /**

  1   vendor\laravel\framework\src\Illuminate\Database\Connectors\Connector.php:66
  2   vendor\laravel\framework\src\Illuminate\Database\Connectors\Connector.php:44

  ÔöÇÔöÇÔöÇÔöÇÔöÇÔöÇÔöÇÔöÇÔöÇÔöÇÔöÇÔöÇÔöÇÔöÇÔöÇÔöÇÔöÇÔöÇÔöÇ  
  ÔÇª   QueryException   
  could not find driver (Connection: sqlite, SQL: select exists (select 1 from "main".sqlite_master where name = 'migrations' and type = 'table') as "exists")

  at vendor\laravel\framework\src\Illuminate\Database\Connectors\Connector.php:66
     62Ôûò      */
     63Ôûò     protected function createPdoConnection($dsn, $username, #[\SensitiveParameter] $password, $options)
     64Ôûò     {
     65Ôûò         return version_compare(PHP_VERSION, '8.4.0', '<')
  Ô×£  66Ôûò             ? new PDO($dsn, $username, $password, $options)
     67Ôûò             : PDO::connect($dsn, $username, $password, $options); /** @phpstan-ignore staticMethod.notFound (PHP 8.4) */
     68Ôûò     }
     69Ôûò 
     70Ôûò     /**

  1   vendor\laravel\framework\src\Illuminate\Database\Connectors\Connector.php:66
  2   vendor\laravel\framework\src\Illuminate\Database\Connectors\Connector.php:44

  ÔöÇÔöÇÔöÇÔöÇÔöÇÔöÇÔöÇÔöÇÔöÇÔöÇÔöÇÔöÇÔöÇÔöÇÔöÇÔöÇÔöÇÔöÇÔöÇ  
  ÔÇª   QueryException   
  could not find driver (Connection: sqlite, SQL: select exists (select 1 from "main".sqlite_master where name = 'migrations' and type = 'table') as "exists")

  at vendor\laravel\framework\src\Illuminate\Database\Connectors\Connector.php:66
     62Ôûò      */
     63Ôûò     protected function createPdoConnection($dsn, $username, #[\SensitiveParameter] $password, $options)
     64Ôûò     {
     65Ôûò         return version_compare(PHP_VERSION, '8.4.0', '<')
  Ô×£  66Ôûò             ? new PDO($dsn, $username, $password, $options)
     67Ôûò             : PDO::connect($dsn, $username, $password, $options); /** @phpstan-ignore staticMethod.notFound (PHP 8.4) */
     68Ôûò     }
     69Ôûò 
     70Ôûò     /**

  1   vendor\laravel\framework\src\Illuminate\Database\Connectors\Connector.php:66
  2   vendor\laravel\framework\src\Illuminate\Database\Connectors\Connector.php:44

  ÔöÇÔöÇÔöÇÔöÇÔöÇÔöÇÔöÇÔöÇÔöÇÔöÇÔöÇÔöÇÔöÇÔöÇÔöÇÔöÇÔöÇÔöÇÔöÇ  
  ÔÇª   QueryException   
  could not find driver (Connection: sqlite, SQL: select exists (select 1 from "main".sqlite_master where name = 'migrations' and type = 'table') as "exists")

  at vendor\laravel\framework\src\Illuminate\Database\Connectors\Connector.php:66
     62Ôûò      */
     63Ôûò     protected function createPdoConnection($dsn, $username, #[\SensitiveParameter] $password, $options)
     64Ôûò     {
     65Ôûò         return version_compare(PHP_VERSION, '8.4.0', '<')
  Ô×£  66Ôûò             ? new PDO($dsn, $username, $password, $options)
     67Ôûò             : PDO::connect($dsn, $username, $password, $options); /** @phpstan-ignore staticMethod.notFound (PHP 8.4) */
     68Ôûò     }
     69Ôûò 
     70Ôûò     /**

  1   vendor\laravel\framework\src\Illuminate\Database\Connectors\Connector.php:66
  2   vendor\laravel\framework\src\Illuminate\Database\Connectors\Connector.php:44

  ÔöÇÔöÇÔöÇÔöÇÔöÇÔöÇÔöÇÔöÇÔöÇÔöÇÔöÇÔöÇÔöÇÔöÇÔöÇÔöÇÔöÇÔöÇÔöÇ  
  ÔÇª   QueryException   
  could not find driver (Connection: sqlite, SQL: select exists (select 1 from "main".sqlite_master where name = 'migrations' and type = 'table') as "exists")

  at vendor\laravel\framework\src\Illuminate\Database\Connectors\Connector.php:66
     62Ôûò      */
     63Ôûò     protected function createPdoConnection($dsn, $username, #[\SensitiveParameter] $password, $options)
     64Ôûò     {
     65Ôûò         return version_compare(PHP_VERSION, '8.4.0', '<')
  Ô×£  66Ôûò             ? new PDO($dsn, $username, $password, $options)
     67Ôûò             : PDO::connect($dsn, $username, $password, $options); /** @phpstan-ignore staticMethod.notFound (PHP 8.4) */
     68Ôûò     }
     69Ôûò 
     70Ôûò     /**

  1   vendor\laravel\framework\src\Illuminate\Database\Connectors\Connector.php:66
  2   vendor\laravel\framework\src\Illuminate\Database\Connectors\Connector.php:44

  ÔöÇÔöÇÔöÇÔöÇÔöÇÔöÇÔöÇÔöÇÔöÇÔöÇÔöÇÔöÇÔöÇÔöÇÔöÇÔöÇÔöÇÔöÇÔöÇ  
  ÔÇª   QueryException   
  could not find driver (Connection: sqlite, SQL: select exists (select 1 from "main".sqlite_master where name = 'migrations' and type = 'table') as "exists")

  at vendor\laravel\framework\src\Illuminate\Database\Connectors\Connector.php:66
     62Ôûò      */
     63Ôûò     protected function createPdoConnection($dsn, $username, #[\SensitiveParameter] $password, $options)
     64Ôûò     {
     65Ôûò         return version_compare(PHP_VERSION, '8.4.0', '<')
  Ô×£  66Ôûò             ? new PDO($dsn, $username, $password, $options)
     67Ôûò             : PDO::connect($dsn, $username, $password, $options); /** @phpstan-ignore staticMethod.notFound (PHP 8.4) */
     68Ôûò     }
     69Ôûò 
     70Ôûò     /**

  1   vendor\laravel\framework\src\Illuminate\Database\Connectors\Connector.php:66
  2   vendor\laravel\framework\src\Illuminate\Database\Connectors\Connector.php:44

  ÔöÇÔöÇÔöÇÔöÇÔöÇÔöÇÔöÇÔöÇÔöÇÔöÇÔöÇÔöÇÔöÇÔöÇÔöÇÔöÇÔöÇÔöÇÔöÇ  
  ÔÇª   QueryException   
  could not find driver (Connection: sqlite, SQL: select exists (select 1 from "main".sqlite_master where name = 'migrations' and type = 'table') as "exists")

  at vendor\laravel\framework\src\Illuminate\Database\Connectors\Connector.php:66
     62Ôûò      */
     63Ôûò     protected function createPdoConnection($dsn, $username, #[\SensitiveParameter] $password, $options)
     64Ôûò     {
     65Ôûò         return version_compare(PHP_VERSION, '8.4.0', '<')
  Ô×£  66Ôûò             ? new PDO($dsn, $username, $password, $options)
     67Ôûò             : PDO::connect($dsn, $username, $password, $options); /** @phpstan-ignore staticMethod.notFound (PHP 8.4) */
     68Ôûò     }
     69Ôûò 
     70Ôûò     /**

  1   vendor\laravel\framework\src\Illuminate\Database\Connectors\Connector.php:66
  2   vendor\laravel\framework\src\Illuminate\Database\Connectors\Connector.php:44

  ÔöÇÔöÇÔöÇÔöÇÔöÇÔöÇÔöÇÔöÇÔöÇÔöÇÔöÇÔöÇÔöÇÔöÇÔöÇÔöÇÔöÇÔöÇÔöÇ  
  ÔÇª   QueryException   
  could not find driver (Connection: sqlite, SQL: select exists (select 1 from "main".sqlite_master where name = 'migrations' and type = 'table') as "exists")

  at vendor\laravel\framework\src\Illuminate\Database\Connectors\Connector.php:66
     62Ôûò      */
     63Ôûò     protected function createPdoConnection($dsn, $username, #[\SensitiveParameter] $password, $options)
     64Ôûò     {
     65Ôûò         return version_compare(PHP_VERSION, '8.4.0', '<')
  Ô×£  66Ôûò             ? new PDO($dsn, $username, $password, $options)
     67Ôûò             : PDO::connect($dsn, $username, $password, $options); /** @phpstan-ignore staticMethod.notFound (PHP 8.4) */
     68Ôûò     }
     69Ôûò 
     70Ôûò     /**

  1   vendor\laravel\framework\src\Illuminate\Database\Connectors\Connector.php:66
  2   vendor\laravel\framework\src\Illuminate\Database\Connectors\Connector.php:44

  ÔöÇÔöÇÔöÇÔöÇÔöÇÔöÇÔöÇÔöÇÔöÇÔöÇÔöÇÔöÇÔöÇÔöÇÔöÇÔöÇÔöÇÔöÇÔöÇ  
  ÔÇª   QueryException   
  could not find driver (Connection: sqlite, SQL: select exists (select 1 from "main".sqlite_master where name = 'migrations' and type = 'table') as "exists")

  at vendor\laravel\framework\src\Illuminate\Database\Connectors\Connector.php:66
     62Ôûò      */
     63Ôûò     protected function createPdoConnection($dsn, $username, #[\SensitiveParameter] $password, $options)
     64Ôûò     {
     65Ôûò         return version_compare(PHP_VERSION, '8.4.0', '<')
  Ô×£  66Ôûò             ? new PDO($dsn, $username, $password, $options)
     67Ôûò             : PDO::connect($dsn, $username, $password, $options); /** @phpstan-ignore staticMethod.notFound (PHP 8.4) */
     68Ôûò     }
     69Ôûò 
     70Ôûò     /**

  1   vendor\laravel\framework\src\Illuminate\Database\Connectors\Connector.php:66
  2   vendor\laravel\framework\src\Illuminate\Database\Connectors\Connector.php:44

  ÔöÇÔöÇÔöÇÔöÇÔöÇÔöÇÔöÇÔöÇÔöÇÔöÇÔöÇÔöÇÔöÇÔöÇÔöÇÔöÇÔöÇÔöÇÔöÇ  
  ÔÇª   QueryException   
  could not find driver (Connection: sqlite, SQL: select exists (select 1 from "main".sqlite_master where name = 'migrations' and type = 'table') as "exists")

  at vendor\laravel\framework\src\Illuminate\Database\Connectors\Connector.php:66
     62Ôûò      */
     63Ôûò     protected function createPdoConnection($dsn, $username, #[\SensitiveParameter] $password, $options)
     64Ôûò     {
     65Ôûò         return version_compare(PHP_VERSION, '8.4.0', '<')
  Ô×£  66Ôûò             ? new PDO($dsn, $username, $password, $options)
     67Ôûò             : PDO::connect($dsn, $username, $password, $options); /** @phpstan-ignore staticMethod.notFound (PHP 8.4) */
     68Ôûò     }
     69Ôûò 
     70Ôûò     /**

  1   vendor\laravel\framework\src\Illuminate\Database\Connectors\Connector.php:66
  2   vendor\laravel\framework\src\Illuminate\Database\Connectors\Connector.php:44

  ÔöÇÔöÇÔöÇÔöÇÔöÇÔöÇÔöÇÔöÇÔöÇÔöÇÔöÇÔöÇÔöÇÔöÇÔöÇÔöÇÔöÇÔöÇÔöÇ  
  ÔÇª   QueryException   
  could not find driver (Connection: sqlite, SQL: select exists (select 1 from "main".sqlite_master where name = 'migrations' and type = 'table') as "exists")

  at vendor\laravel\framework\src\Illuminate\Database\Connectors\Connector.php:66
     62Ôûò      */
     63Ôûò     protected function createPdoConnection($dsn, $username, #[\SensitiveParameter] $password, $options)
     64Ôûò     {
     65Ôûò         return version_compare(PHP_VERSION, '8.4.0', '<')
  Ô×£  66Ôûò             ? new PDO($dsn, $username, $password, $options)
     67Ôûò             : PDO::connect($dsn, $username, $password, $options); /** @phpstan-ignore staticMethod.notFound (PHP 8.4) */
     68Ôûò     }
     69Ôûò 
     70Ôûò     /**

  1   vendor\laravel\framework\src\Illuminate\Database\Connectors\Connector.php:66
  2   vendor\laravel\framework\src\Illuminate\Database\Connectors\Connector.php:44

  ÔöÇÔöÇÔöÇÔöÇÔöÇÔöÇÔöÇÔöÇÔöÇÔöÇÔöÇÔöÇÔöÇÔöÇÔöÇÔöÇÔöÇÔöÇÔöÇ  
  ÔÇª   QueryException   
  could not find driver (Connection: sqlite, SQL: select exists (select 1 from "main".sqlite_master where name = 'migrations' and type = 'table') as "exists")

  at vendor\laravel\framework\src\Illuminate\Database\Connectors\Connector.php:66
     62Ôûò      */
     63Ôûò     protected function createPdoConnection($dsn, $username, #[\SensitiveParameter] $password, $options)
     64Ôûò     {
     65Ôûò         return version_compare(PHP_VERSION, '8.4.0', '<')
  Ô×£  66Ôûò             ? new PDO($dsn, $username, $password, $options)
     67Ôûò             : PDO::connect($dsn, $username, $password, $options); /** @phpstan-ignore staticMethod.notFound (PHP 8.4) */
     68Ôûò     }
     69Ôûò 
     70Ôûò     /**

  1   vendor\laravel\framework\src\Illuminate\Database\Connectors\Connector.php:66
  2   vendor\laravel\framework\src\Illuminate\Database\Connectors\Connector.php:44

  ÔöÇÔöÇÔöÇÔöÇÔöÇÔöÇÔöÇÔöÇÔöÇÔöÇÔöÇÔöÇÔöÇÔöÇÔöÇÔöÇÔöÇÔöÇÔöÇ  
  ÔÇª   QueryException   
  could not find driver (Connection: sqlite, SQL: select exists (select 1 from "main".sqlite_master where name = 'migrations' and type = 'table') as "exists")

  at vendor\laravel\framework\src\Illuminate\Database\Connectors\Connector.php:66
     62Ôûò      */
     63Ôûò     protected function createPdoConnection($dsn, $username, #[\SensitiveParameter] $password, $options)
     64Ôûò     {
     65Ôûò         return version_compare(PHP_VERSION, '8.4.0', '<')
  Ô×£  66Ôûò             ? new PDO($dsn, $username, $password, $options)
     67Ôûò             : PDO::connect($dsn, $username, $password, $options); /** @phpstan-ignore staticMethod.notFound (PHP 8.4) */
     68Ôûò     }
     69Ôûò 
     70Ôûò     /**

  1   vendor\laravel\framework\src\Illuminate\Database\Connectors\Connector.php:66
  2   vendor\laravel\framework\src\Illuminate\Database\Connectors\Connector.php:44

  ÔöÇÔöÇÔöÇÔöÇÔöÇÔöÇÔöÇÔöÇÔöÇÔöÇÔöÇÔöÇÔöÇÔöÇÔöÇÔöÇÔöÇÔöÇÔöÇ  
  ÔÇª   QueryException   
  could not find driver (Connection: sqlite, SQL: select exists (select 1 from "main".sqlite_master where name = 'migrations' and type = 'table') as "exists")

  at vendor\laravel\framework\src\Illuminate\Database\Connectors\Connector.php:66
     62Ôûò      */
     63Ôûò     protected function createPdoConnection($dsn, $username, #[\SensitiveParameter] $password, $options)
     64Ôûò     {
     65Ôûò         return version_compare(PHP_VERSION, '8.4.0', '<')
  Ô×£  66Ôûò             ? new PDO($dsn, $username, $password, $options)
     67Ôûò             : PDO::connect($dsn, $username, $password, $options); /** @phpstan-ignore staticMethod.notFound (PHP 8.4) */
     68Ôûò     }
     69Ôûò 
     70Ôûò     /**

  1   vendor\laravel\framework\src\Illuminate\Database\Connectors\Connector.php:66
  2   vendor\laravel\framework\src\Illuminate\Database\Connectors\Connector.php:44

  ÔöÇÔöÇÔöÇÔöÇÔöÇÔöÇÔöÇÔöÇÔöÇÔöÇÔöÇÔöÇÔöÇÔöÇÔöÇÔöÇÔöÇÔöÇÔöÇ  
  ÔÇª   QueryException   
  could not find driver (Connection: sqlite, SQL: select exists (select 1 from "main".sqlite_master where name = 'migrations' and type = 'table') as "exists")

  at vendor\laravel\framework\src\Illuminate\Database\Connectors\Connector.php:66
     62Ôûò      */
     63Ôûò     protected function createPdoConnection($dsn, $username, #[\SensitiveParameter] $password, $options)
     64Ôûò     {
     65Ôûò         return version_compare(PHP_VERSION, '8.4.0', '<')
  Ô×£  66Ôûò             ? new PDO($dsn, $username, $password, $options)
     67Ôûò             : PDO::connect($dsn, $username, $password, $options); /** @phpstan-ignore staticMethod.notFound (PHP 8.4) */
     68Ôûò     }
     69Ôûò 
     70Ôûò     /**

  1   vendor\laravel\framework\src\Illuminate\Database\Connectors\Connector.php:66
  2   vendor\laravel\framework\src\Illuminate\Database\Connectors\Connector.php:44

  ÔöÇÔöÇÔöÇÔöÇÔöÇÔöÇÔöÇÔöÇÔöÇÔöÇÔöÇÔöÇÔöÇÔöÇÔöÇÔöÇÔöÇÔöÇÔöÇ  
  ÔÇª   QueryException   
  could not find driver (Connection: sqlite, SQL: select exists (select 1 from "main".sqlite_master where name = 'migrations' and type = 'table') as "exists")

  at vendor\laravel\framework\src\Illuminate\Database\Connectors\Connector.php:66
     62Ôûò      */
     63Ôûò     protected function createPdoConnection($dsn, $username, #[\SensitiveParameter] $password, $options)
     64Ôûò     {
     65Ôûò         return version_compare(PHP_VERSION, '8.4.0', '<')
  Ô×£  66Ôûò             ? new PDO($dsn, $username, $password, $options)
     67Ôûò             : PDO::connect($dsn, $username, $password, $options); /** @phpstan-ignore staticMethod.notFound (PHP 8.4) */
     68Ôûò     }
     69Ôûò 
     70Ôûò     /**

  1   vendor\laravel\framework\src\Illuminate\Database\Connectors\Connector.php:66
  2   vendor\laravel\framework\src\Illuminate\Database\Connectors\Connector.php:44

  ÔöÇÔöÇÔöÇÔöÇÔöÇÔöÇÔöÇÔöÇÔöÇÔöÇÔöÇÔöÇÔöÇÔöÇÔöÇÔöÇÔöÇÔöÇÔöÇ  
  ÔÇª   QueryException   
  could not find driver (Connection: sqlite, SQL: select exists (select 1 from "main".sqlite_master where name = 'migrations' and type = 'table') as "exists")

  at vendor\laravel\framework\src\Illuminate\Database\Connectors\Connector.php:66
     62Ôûò      */
     63Ôûò     protected function createPdoConnection($dsn, $username, #[\SensitiveParameter] $password, $options)
     64Ôûò     {
     65Ôûò         return version_compare(PHP_VERSION, '8.4.0', '<')
  Ô×£  66Ôûò             ? new PDO($dsn, $username, $password, $options)
     67Ôûò             : PDO::connect($dsn, $username, $password, $options); /** @phpstan-ignore staticMethod.notFound (PHP 8.4) */
     68Ôûò     }
     69Ôûò 
     70Ôûò     /**

  1   vendor\laravel\framework\src\Illuminate\Database\Connectors\Connector.php:66
  2   vendor\laravel\framework\src\Illuminate\Database\Connectors\Connector.php:44

  ÔöÇÔöÇÔöÇÔöÇÔöÇÔöÇÔöÇÔöÇÔöÇÔöÇÔöÇÔöÇÔöÇÔöÇÔöÇÔöÇÔöÇÔöÇÔöÇ  
  ÔÇª   QueryException   
  could not find driver (Connection: sqlite, SQL: select exists (select 1 from "main".sqlite_master where name = 'migrations' and type = 'table') as "exists")

  at vendor\laravel\framework\src\Illuminate\Database\Connectors\Connector.php:66
     62Ôûò      */
     63Ôûò     protected function createPdoConnection($dsn, $username, #[\SensitiveParameter] $password, $options)
     64Ôûò     {
     65Ôûò         return version_compare(PHP_VERSION, '8.4.0', '<')
  Ô×£  66Ôûò             ? new PDO($dsn, $username, $password, $options)
     67Ôûò             : PDO::connect($dsn, $username, $password, $options); /** @phpstan-ignore staticMethod.notFound (PHP 8.4) */
     68Ôûò     }
     69Ôûò 
     70Ôûò     /**

  1   vendor\laravel\framework\src\Illuminate\Database\Connectors\Connector.php:66
  2   vendor\laravel\framework\src\Illuminate\Database\Connectors\Connector.php:44

  ÔöÇÔöÇÔöÇÔöÇÔöÇÔöÇÔöÇÔöÇÔöÇÔöÇÔöÇÔöÇÔöÇÔöÇÔöÇÔöÇÔöÇÔöÇÔöÇ  
  ÔÇª   QueryException   
  could not find driver (Connection: sqlite, SQL: select exists (select 1 from "main".sqlite_master where name = 'migrations' and type = 'table') as "exists")

  at vendor\laravel\framework\src\Illuminate\Database\Connectors\Connector.php:66
     62Ôûò      */
     63Ôûò     protected function createPdoConnection($dsn, $username, #[\SensitiveParameter] $password, $options)
     64Ôûò     {
     65Ôûò         return version_compare(PHP_VERSION, '8.4.0', '<')
  Ô×£  66Ôûò             ? new PDO($dsn, $username, $password, $options)
     67Ôûò             : PDO::connect($dsn, $username, $password, $options); /** @phpstan-ignore staticMethod.notFound (PHP 8.4) */
     68Ôûò     }
     69Ôûò 
     70Ôûò     /**

  1   vendor\laravel\framework\src\Illuminate\Database\Connectors\Connector.php:66
  2   vendor\laravel\framework\src\Illuminate\Database\Connectors\Connector.php:44

  ÔöÇÔöÇÔöÇÔöÇÔöÇÔöÇÔöÇÔöÇÔöÇÔöÇÔöÇÔöÇÔöÇÔöÇÔöÇÔöÇÔöÇÔöÇÔöÇ  
  ÔÇª   QueryException   
  could not find driver (Connection: sqlite, SQL: select exists (select 1 from "main".sqlite_master where name = 'migrations' and type = 'table') as "exists")

  at vendor\laravel\framework\src\Illuminate\Database\Connectors\Connector.php:66
     62Ôûò      */
     63Ôûò     protected function createPdoConnection($dsn, $username, #[\SensitiveParameter] $password, $options)
     64Ôûò     {
     65Ôûò         return version_compare(PHP_VERSION, '8.4.0', '<')
  Ô×£  66Ôûò             ? new PDO($dsn, $username, $password, $options)
     67Ôûò             : PDO::connect($dsn, $username, $password, $options); /** @phpstan-ignore staticMethod.notFound (PHP 8.4) */
     68Ôûò     }
     69Ôûò 
     70Ôûò     /**

  1   vendor\laravel\framework\src\Illuminate\Database\Connectors\Connector.php:66
  2   vendor\laravel\framework\src\Illuminate\Database\Connectors\Connector.php:44

  ÔöÇÔöÇÔöÇÔöÇÔöÇÔöÇÔöÇÔöÇÔöÇÔöÇÔöÇÔöÇÔöÇÔöÇÔöÇÔöÇÔöÇÔöÇÔöÇ  
  ÔÇª   QueryException   
  could not find driver (Connection: sqlite, SQL: select exists (select 1 from "main".sqlite_master where name = 'migrations' and type = 'table') as "exists")

  at vendor\laravel\framework\src\Illuminate\Database\Connectors\Connector.php:66
     62Ôûò      */
     63Ôûò     protected function createPdoConnection($dsn, $username, #[\SensitiveParameter] $password, $options)
     64Ôûò     {
     65Ôûò         return version_compare(PHP_VERSION, '8.4.0', '<')
  Ô×£  66Ôûò             ? new PDO($dsn, $username, $password, $options)
     67Ôûò             : PDO::connect($dsn, $username, $password, $options); /** @phpstan-ignore staticMethod.notFound (PHP 8.4) */
     68Ôûò     }
     69Ôûò 
     70Ôûò     /**

  1   vendor\laravel\framework\src\Illuminate\Database\Connectors\Connector.php:66
  2   vendor\laravel\framework\src\Illuminate\Database\Connectors\Connector.php:44


  Tests:    24 failed, 1 passed (1 assertions)
  Duration: 1.22s

